// Jest Snapshot v1, https://goo.gl/fbAQLP

exports[`GameList renders snapshot correctly 1`] = `
.c10 {
  stroke: var(--primary);
}

.c12 {
  stroke: var(--primary);
}

.c11 {
  stroke: var(--primary);
}

.c1 {
  margin: 0 20px;
}

.c2 {
  padding: 10px;
  display: grid;
  grid-template-columns: 1fr 1fr;
  grid-template-rows: repeat(4,auto);
  grid-gap: 10px;
  border-radius: 25px 25px 0 0;
  background-color: var(--white);
  font-size: 1rem;
}

.c3 {
  grid-column-start: 2;
  grid-row-start: 1;
  justify-self: end;
}

.c4 {
  grid-column: 1 / 3;
  grid-row-start: 2;
  text-transform: uppercase;
}

.c5 {
  grid-column: 1 / 4;
  grid-row-start: 3;
}

.c6 {
  grid-column-start: 1;
  grid-row-start: 4;
}

.c7 {
  grid-column-start: 2;
  grid-row-start: 4;
}

.c8 {
  width: 100%;
  padding: 5px 0;
  display: -webkit-box;
  display: -webkit-flex;
  display: -ms-flexbox;
  display: flex;
  -webkit-align-items: baseline;
  -webkit-box-align: baseline;
  -ms-flex-align: baseline;
  align-items: baseline;
  -webkit-box-pack: space-evenly;
  -webkit-justify-content: space-evenly;
  -ms-flex-pack: space-evenly;
  justify-content: space-evenly;
  border-radius: 0 0 25px 25px;
  background: var(--white-transparent);
}

.c9 {
  margin: 5px;
  padding: 0;
  display: -webkit-box;
  display: -webkit-flex;
  display: -ms-flexbox;
  display: flex;
  border: none;
  background: none;
}

.c0 {
  display: grid;
  gap: 20px;
}

<div
  class="c0"
>
  <div
    class="c1"
  >
    <div
      class="c2"
    >
      <div
        class="c3"
      >
        2020-12-24
      </div>
      <div
        class="c4"
      >
        City Park
      </div>
      <div
        class="c5"
      >
        <h4>
          Player(s)
        </h4>
        <span>
          Sarah, Hannes
        </span>
      </div>
      <div
        class="c6"
      >
        <h4>
          Winner(s)
        </h4>
        <span>
          Sarah
        </span>
      </div>
      <div
        class="c7"
      >
        <h4>
          Total Shots
        </h4>
        <span>
          28
        </span>
      </div>
    </div>
    <div
      class="c8"
    >
      <button
        class="c9"
        data-testid="button-set-delete"
      >
        <svg
          class="c10"
        >
          bin.svg
        </svg>
      </button>
      <button
        class="c9"
        data-testid="button-edit"
      >
        <svg
          class="c11"
        >
          pencil.svg
        </svg>
      </button>
      <button
        class="c9"
        data-testid="button-details"
      >
        <svg
          class="c12"
        >
          details.svg
        </svg>
      </button>
    </div>
  </div>
  <div
    class="c1"
  >
    <div
      class="c2"
    >
      <div
        class="c3"
      >
        2020-12-31
      </div>
      <div
        class="c4"
      >
        Horner Racecourse
      </div>
      <div
        class="c5"
      >
        <h4>
          Player(s)
        </h4>
        <span>
          Fritz, Hugo
        </span>
      </div>
      <div
        class="c6"
      >
        <h4>
          Winner(s)
        </h4>
        <span>
          Fritz
        </span>
      </div>
      <div
        class="c7"
      >
        <h4>
          Total Shots
        </h4>
        <span>
          35
        </span>
      </div>
    </div>
    <div
      class="c8"
    >
      <button
        class="c9"
        data-testid="button-set-delete"
      >
        <svg
          class="c10"
        >
          bin.svg
        </svg>
      </button>
      <button
        class="c9"
        data-testid="button-edit"
      >
        <svg
          class="c11"
        >
          pencil.svg
        </svg>
      </button>
      <button
        class="c9"
        data-testid="button-details"
      >
        <svg
          class="c12"
        >
          details.svg
        </svg>
      </button>
    </div>
  </div>
</div>
`;
