// Jest Snapshot v1, https://goo.gl/fbAQLP

exports[`CreatePage renders snapshot correctly 1`] = `
.c4 {
  height: 34px;
  width: 85px;
  padding: 7px;
  display: -webkit-box;
  display: -webkit-flex;
  display: -ms-flexbox;
  display: flex;
  -webkit-align-items: center;
  -webkit-box-align: center;
  -ms-flex-align: center;
  align-items: center;
  -webkit-box-pack: space-evenly;
  -webkit-justify-content: space-evenly;
  -ms-flex-pack: space-evenly;
  justify-content: space-evenly;
  box-shadow: var(--shadow-light);
  border-radius: 5px;
  border-style: none;
  background-color: var(--white);
  color: var(--primary);
  font-family: 'Raleway',sans-serif;
  font-size: 1rem;
  font-weight: 500;
}

.c4:disabled {
  opacity: 50%;
}

.c6 {
  height: 34px;
  width: 85px;
  padding: 7px;
  display: -webkit-box;
  display: -webkit-flex;
  display: -ms-flexbox;
  display: flex;
  -webkit-align-items: center;
  -webkit-box-align: center;
  -ms-flex-align: center;
  align-items: center;
  -webkit-box-pack: space-evenly;
  -webkit-justify-content: space-evenly;
  -ms-flex-pack: space-evenly;
  justify-content: space-evenly;
  box-shadow: var(--shadow-light);
  border-radius: 5px;
  border-style: none;
  background-color: var(--primary);
  color: var(--white);
  font-family: 'Raleway',sans-serif;
  font-size: 1rem;
  font-weight: 500;
}

.c6:disabled {
  opacity: 50%;
}

.c5 {
  margin-right: 3px;
  stroke: var(--primary);
}

.c7 {
  margin-right: 3px;
  width: 25%;
  stroke: var(--white);
}

.c0 {
  margin: 10px 20px;
  padding: 10px;
  display: grid;
  place-items: center;
  border-radius: 25px;
  background-color: var(--white);
  font-size: 1rem;
}

.c0 input::-webkit-outer-spin-button,
.c0 input::-webkit-inner-spin-button {
  -webkit-appearance: none;
  margin: 0;
}

.c0 input[type='number'] {
  -moz-appearance: textfield;
}

.c0 Button {
  margin-top: 15px;
  margin-bottom: 5px;
}

.c1 {
  width: 100%;
  margin: 0;
  padding: 0;
  display: grid;
  border: none;
}

.c1 label {
  margin-top: 10px;
  margin-bottom: 5px;
  font-weight: 500;
}

.c1 input {
  width: 100%;
  margin-top: 3px;
  padding: 5px;
  display: block;
  border-style: none;
  border-bottom: var(--border-dark);
  color: var(--secondary-medium);
  font-family: 'Montserrat',sans-serif;
}

.c1 input::-webkit-input-placeholder {
  font-style: italic;
  opacity: 0.8;
}

.c1 input::-moz-placeholder {
  font-style: italic;
  opacity: 0.8;
}

.c1 input:-ms-input-placeholder {
  font-style: italic;
  opacity: 0.8;
}

.c1 input::placeholder {
  font-style: italic;
  opacity: 0.8;
}

.c3 {
  width: 100%;
  margin-bottom: 10px;
  display: -webkit-box;
  display: -webkit-flex;
  display: -ms-flexbox;
  display: flex;
  -webkit-box-pack: space-evenly;
  -webkit-justify-content: space-evenly;
  -ms-flex-pack: space-evenly;
  justify-content: space-evenly;
}

.c2 {
  margin-top: 5px;
  font-size: 0.7rem;
}

.c2:last-child {
  margin-bottom: 10px;
}

<form
  class="c0"
  data-testid="form"
  novalidate=""
>
  <h3>
    Info
  </h3>
  <fieldset
    class="c1"
  >
    <label>
      Location
      <input
        id="location"
        name="location"
        placeholder="Name of location ..."
        type="text"
        value=""
      />
    </label>
    <span
      class="c2"
    />
    <label>
      Date
      <input
        id="date"
        name="date"
        type="date"
        value=""
      />
    </label>
    <span
      class="c2"
    />
    <label>
      Player(s)
      <input
        id="players"
        name="players"
        placeholder="John, Jane, ..."
        type="text"
        value=""
      />
    </label>
    <span
      class="c2"
    />
    <label>
      Winner(s)
      <input
        id="winner"
        name="winner"
        placeholder="Jane"
        type="text"
        value=""
      />
    </label>
    <span
      class="c2"
    />
    <label>
      Total Shots Winner(s)
      <input
        id="shots"
        name="shots"
        placeholder="38"
        type="number"
        value=""
      />
    </label>
    <span
      class="c2"
    />
  </fieldset>
  <div
    class="c3"
  >
    <button
      class="c4"
      data-testid="button-cancel"
      type="button"
    >
      <svg
        class="c5"
      >
        cross.svg
      </svg>
      Cancel
    </button>
    <button
      class="c6"
      data-testid="button-save"
      disabled=""
    >
      <svg
        class="c7"
      >
        check.svg
      </svg>
      Save
    </button>
  </div>
  <span
    class="c2"
  >
    *Please do not clear your browsers cache, in order to permanently save your game details
  </span>
</form>
`;
