// Jest Snapshot v1, https://goo.gl/fbAQLP

exports[`AppHeader renders correctly 1`] = `
.c2 {
  display: -webkit-box;
  display: -webkit-flex;
  display: -ms-flexbox;
  display: flex;
  -webkit-box-pack: center;
  -webkit-justify-content: center;
  -ms-flex-pack: center;
  justify-content: center;
  width: 60px;
  height: 60px;
  box-shadow: 0 0 10px var(--primary-dark);
  border-radius: 0 0 50px 50px;
  background-color: var(--text-light);
}

.c3 {
  margin-top: 10px;
  width: 30px;
  fill: var(--secondary-dark);
}

.c0 {
  margin: 0 auto;
  position: relative;
  height: 50px;
  max-width: 1240px;
  box-shadow: 0 0 10px var(--primary-dark);
  border-radius: 0 0 25px 3px;
  background: var(--secondary-dark);
}

.c1 {
  position: absolute;
  top: 0;
  left: 28px;
}

<header
  class="c0"
>
  <div
    class="c1"
  >
    <div
      class="c2"
    >
      <svg
        class="c3"
      >
        golf-logo.svg
      </svg>
    </div>
  </div>
</header>
`;
