// Jest Snapshot v1, https://goo.gl/fbAQLP

exports[`OverviewPage renders snapshot correctly 1`] = `
.c0 {
  margin: 0 0 15px 0;
  color: var(--white);
}

.c0::after {
  height: 2px;
  width: 120px;
  margin: 8px auto 30px;
  display: block;
  -webkit-align-content: center;
  -ms-flex-line-pack: center;
  align-content: center;
  background-color: var(--white);
  content: '';
}

<h1
  class="c0"
>
  Your Games
</h1>
`;
