// Jest Snapshot v1, https://goo.gl/fbAQLP

exports[`DetailsPage renders snapshot correctly 1`] = `
.c13 {
  stroke: var(--primary);
}

.c0 {
  margin: 0 20px;
}

.c1 {
  border-radius: 25px 25px 0 0;
  background-color: var(--white);
  font-size: 1rem;
}

.c2 {
  padding: 20px;
  display: grid;
  grid-template-columns: 1fr 1fr;
  grid-template-rows: repeat(4,auto);
  grid-gap: 10px;
}

.c3 {
  grid-column-start: 2;
  grid-row-start: 1;
  justify-self: end;
}

.c4 {
  grid-column: 1 / 3;
  grid-row-start: 2;
  text-transform: uppercase;
}

.c5 {
  grid-column: 1 / 4;
  grid-row-start: 3;
}

.c6 {
  grid-column-start: 1;
  grid-row-start: 4;
}

.c7 {
  grid-column-start: 2;
  grid-row-start: 4;
}

.c8 {
  width: 90%;
  margin: 0 auto;
  padding: 10px 20px;
  display: grid;
  grid-template-columns: 1fr 3fr;
  gap: 20px;
}

.c9 {
  padding-right: 20px;
  display: grid;
  grid-template-rows: repeat(19,35px);
  border-right: var(--border-light);
}

.c9 span {
  text-align: center;
  font-weight: 600;
}

.c9 span:first-child {
  font-family: 'Montserrat',sans-serif;
}

.c10 {
  display: -webkit-box;
  display: -webkit-flex;
  display: -ms-flexbox;
  display: flex;
  overflow-y: auto;
  -webkit-scrollbar-width: none;
  -moz-scrollbar-width: none;
  -ms-scrollbar-width: none;
  scrollbar-width: none;
}

.c10::-webkit-scrollbar {
  display: none;
}

.c11 {
  min-width: 80px;
  margin: 0 2px;
  display: grid;
  grid-template-rows: repeat(19,35px);
}

.c11 span:first-child {
  font-family: 'Montserrat',sans-serif;
  font-weight: 600;
}

.c12 {
  width: 100%;
  padding: 5px 0;
  display: -webkit-box;
  display: -webkit-flex;
  display: -ms-flexbox;
  display: flex;
  -webkit-align-items: baseline;
  -webkit-box-align: baseline;
  -ms-flex-align: baseline;
  align-items: baseline;
  -webkit-box-pack: space-evenly;
  -webkit-justify-content: space-evenly;
  -ms-flex-pack: space-evenly;
  justify-content: space-evenly;
  border: none;
  border-radius: 0 0 25px 25px;
  background: var(--white-transparent);
}

<div
  class="c0"
>
  <div
    class="c1"
  >
    <section
      class="c2"
    >
      <div
        class="c3"
      >
        2020-12-24
      </div>
      <div
        class="c4"
      >
        City Park
      </div>
      <div
        class="c5"
      >
        <h4>
          Player(s)
        </h4>
        <span>
          Sarah, Hannes
        </span>
      </div>
      <div
        class="c6"
      >
        <h4>
          Winner(s)
        </h4>
        <span>
          Sarah
        </span>
      </div>
      <div
        class="c7"
      >
        <h4>
          Total Shots
        </h4>
        <span>
          28
        </span>
      </div>
    </section>
    <section
      class="c8"
    >
      <div
        class="c9"
      >
        <span>
          Holes
        </span>
        <span>
          1
        </span>
        <span>
          2
        </span>
        <span>
          3
        </span>
        <span>
          4
        </span>
        <span>
          5
        </span>
        <span>
          6
        </span>
        <span>
          7
        </span>
        <span>
          8
        </span>
        <span>
          9
        </span>
        <span>
          10
        </span>
        <span>
          11
        </span>
        <span>
          12
        </span>
        <span>
          13
        </span>
        <span>
          14
        </span>
        <span>
          15
        </span>
        <span>
          16
        </span>
        <span>
          17
        </span>
        <span>
          18
        </span>
      </div>
      <div
        class="c10"
      >
        <div
          class="c11"
        >
          <span>
            Sarah
          </span>
          <span>
            1
          </span>
          <span>
            2
          </span>
          <span>
            3
          </span>
          <span>
            4
          </span>
          <span>
            5
          </span>
          <span>
            6
          </span>
          <span>
            7
          </span>
          <span>
            1
          </span>
          <span>
            2
          </span>
          <span>
            3
          </span>
          <span>
            4
          </span>
          <span>
            5
          </span>
          <span>
            6
          </span>
          <span>
            7
          </span>
          <span>
            1
          </span>
          <span>
            2
          </span>
          <span>
            3
          </span>
          <span>
            4
          </span>
        </div>
        <div
          class="c11"
        >
          <span>
            Hannes
          </span>
          <span>
            7
          </span>
          <span>
            6
          </span>
          <span>
            5
          </span>
          <span>
            4
          </span>
          <span>
            3
          </span>
          <span>
            2
          </span>
          <span>
            1
          </span>
          <span>
            7
          </span>
          <span>
            6
          </span>
          <span>
            5
          </span>
          <span>
            4
          </span>
          <span>
            3
          </span>
          <span>
            2
          </span>
          <span>
            1
          </span>
          <span>
            7
          </span>
          <span>
            6
          </span>
          <span>
            5
          </span>
          <span>
            4
          </span>
        </div>
      </div>
    </section>
  </div>
  <button
    class="c12"
    data-testid="button-back"
  >
    <svg
      class="c13"
    >
      arrow-left.svg
    </svg>
  </button>
</div>
`;
